// Jest Snapshot v1, https://goo.gl/fbAQLP

exports[`routes/info.js renders correctly 1`] = `
<View
  style={
    Object {
      "flex": 1,
      "justifyContent": "center",
    }
  }
>
  <Text
    accessible={true}
    allowFontScaling={true}
    disabled={false}
    ellipsizeMode="tail"
    style={
      Object {
        "fontSize": 26,
        "fontWeight": "bold",
        "textAlign": "center",
      }
    }
  >
    React Native Base
  </Text>
  <Text
    accessible={true}
    allowFontScaling={true}
    disabled={false}
    ellipsizeMode="tail"
    style={
      Object {
        "fontSize": 18,
        "marginVertical": 5,
        "textAlign": "center",
      }
    }
  >
    Add-On for React Native
  </Text>
</View>
`;
