// Jest Snapshot v1, https://goo.gl/fbAQLP

exports[`app-container.js renders correctly 1`] = `
<View>
  AppNavigator
</View>
`;
