exports[`AppContainer.js renders correctly 1`] = `
<View
  style={
    Object {
      "backgroundColor": "#E9F2F6",
      "flex": 1,
    }
  }>
  <View
    style={
      Array [
        Object {
          "flex": 1,
          "overflow": "hidden",
        },
        undefined,
      ]
    }>
    <View
      onMoveShouldSetResponder={[Function]}
      onMoveShouldSetResponderCapture={[Function]}
      onResponderEnd={[Function]}
      onResponderGrant={[Function]}
      onResponderMove={[Function]}
      onResponderReject={[Function]}
      onResponderRelease={[Function]}
      onResponderStart={[Function]}
      onResponderTerminate={[Function]}
      onResponderTerminationRequest={[Function]}
      onStartShouldSetResponder={[Function]}
      onStartShouldSetResponderCapture={[Function]}
      onTouchStart={[Function]}
      style={
        Object {
          "backgroundColor": "transparent",
          "flex": 1,
          "overflow": "hidden",
        }
      }>
      <View
        onStartShouldSetResponderCapture={[Function]}
        pointerEvents="auto"
        style={
          Array [
            Object {
              "bottom": 0,
              "left": 0,
              "overflow": "hidden",
              "position": "absolute",
              "right": 0,
              "top": 0,
            },
            Object {
              "bottom": 0,
              "left": 0,
              "position": "absolute",
              "right": 0,
              "top": 0,
              "transform": Array [
                Object {
                  "translateX": 0,
                },
                Object {
                  "translateY": 0,
                },
                Object {
                  "scaleX": 1,
                },
                Object {
                  "scaleY": 1,
                },
                Object {
                  "rotate": "0deg",
                },
                Object {
                  "skewX": "0deg",
                },
                Object {
                  "skewY": "0deg",
                },
              ],
            },
            null,
          ]
        }>
        <View
          style={
            Array [
              Object {
                "flex": 1,
              },
              Object {
                "marginTop": 64,
              },
            ]
          }>
          <View
            style={
              Object {
                "flex": 1,
                "justifyContent": "center",
              }
            }>
            <Text
              accessible={true}
              allowFontScaling={true}
              ellipsizeMode="tail"
              style={
                Object {
                  "fontSize": 26,
                  "fontWeight": "bold",
                  "textAlign": "center",
                }
              }>
              React Native Base
            </Text>
            <Text
              accessible={true}
              allowFontScaling={true}
              ellipsizeMode="tail"
              style={
                Object {
                  "fontSize": 18,
                  "marginVertical": 5,
                  "textAlign": "center",
                }
              }>
              Add-On for React Native
            </Text>
            <View
              accessibilityComponentType="button"
              accessibilityLabel={undefined}
              accessibilityTraits={
                Array [
                  "button",
                ]
              }
              accessible={true}
              hitSlop={undefined}
              onLayout={undefined}
              onResponderGrant={[Function]}
              onResponderMove={[Function]}
              onResponderRelease={[Function]}
              onResponderTerminate={[Function]}
              onResponderTerminationRequest={[Function]}
              onStartShouldSetResponder={[Function]}
              style={
                Object {
                  "opacity": 1,
                }
              }
              testID={undefined}>
              <View
                style={
                  Array [
                    Object {},
                  ]
                }>
                <Text
                  accessible={true}
                  allowFontScaling={true}
                  ellipsizeMode="tail"
                  style={
                    Array [
                      Object {
                        "color": "#0C42FD",
                        "fontSize": 18,
                        "padding": 8,
                        "textAlign": "center",
                      },
                      Object {
                        "color": "#2359BA",
                      },
                    ]
                  }>
                  More Information
                </Text>
              </View>
            </View>
          </View>
        </View>
      </View>
    </View>
    <View
      style={
        Array [
          Object {
            "backgroundColor": "transparent",
            "left": 0,
            "position": "absolute",
            "right": 0,
            "top": 0,
          },
          Object {
            "height": 64,
          },
          Object {
            "backgroundColor": "#2359BA",
          },
        ]
      }>
      <View
        pointerEvents="box-none"
        style={
          Object {
            "alignItems": "center",
            "backgroundColor": "transparent",
            "height": 44,
            "left": 0,
            "opacity": 1,
            "position": "absolute",
            "right": 0,
            "top": 20,
          }
        }>
        <View
          style={
            Object {
              "flex": 1,
              "justifyContent": "center",
            }
          }>
          <Text
            accessible={true}
            allowFontScaling={true}
            ellipsizeMode="tail"
            style={
              Object {
                "color": "#FFF",
                "fontSize": 18,
                "textAlign": "center",
              }
            }>
            Home
          </Text>
        </View>
      </View>
    </View>
  </View>
</View>
`;
